// Jest Snapshot v1, https://goo.gl/fbAQLP

exports[`<SidebarData /> Should render snapshot of SidebarData component. 1`] = `
.c0 {
  display: -webkit-box;
  display: -webkit-flex;
  display: -ms-flexbox;
  display: flex;
  box-sizing: border-box;
  outline: none;
  max-width: 100%;
  margin-bottom: 6px;
  -webkit-align-items: center;
  -webkit-box-align: center;
  -ms-flex-align: center;
  align-items: center;
  min-width: 0;
  min-height: 0;
  -webkit-flex-direction: row;
  -ms-flex-direction: row;
  flex-direction: row;
  -webkit-box-pack: justify;
  -webkit-justify-content: space-between;
  -ms-flex-pack: justify;
  justify-content: space-between;
  padding: 0px;
}

.c2 {
  display: -webkit-box;
  display: -webkit-flex;
  display: -ms-flexbox;
  display: flex;
  box-sizing: border-box;
  outline: none;
  max-width: 100%;
  margin: 0px;
  background: #999999;
  color: #444444;
  min-width: 0;
  min-height: 0;
  -webkit-flex-direction: column;
  -ms-flex-direction: column;
  flex-direction: column;
  padding-left: 6px;
  padding-right: 6px;
  padding-top: 2px;
  padding-bottom: 2px;
  border-radius: 3px;
}

.c1 {
  font-size: 12px;
  line-height: 18px;
  color: #EDEDED;
}

.c3 {
  font-size: 12px;
  line-height: 18px;
  color: #FFFFFF;
  font-weight: bold;
}

@media only screen and (max-width:768px) {
  .c0 {
    margin-bottom: 3px;
  }
}

@media only screen and (max-width:768px) {
  .c0 {
    padding: 0px;
  }
}

@media only screen and (max-width:768px) {
  .c2 {
    margin: 0px;
  }
}

@media only screen and (max-width:768px) {
  .c2 {
    padding-left: 6px;
    padding-right: 6px;
  }
}

@media only screen and (max-width:768px) {
  .c2 {
    padding-top: 2px;
    padding-bottom: 2px;
  }
}

<div
  className="c0"
>
  <span
    className="c1"
    size="xsmall"
  >
    Alive Population
  </span>
  <div
    className="c2"
  >
    <span
      className="c3"
      size="xsmall"
      style={
        Object {
          "letterSpacing": "-1px",
        }
      }
    >
      450,000,000
    </span>
  </div>
</div>
`;
