// Jest Snapshot v1, https://goo.gl/fbAQLP

exports[`<Main /> Should render snapshot of Main component. 1`] = `<Connect(WorldMap) />`;
