// Jest Snapshot v1, https://goo.gl/fbAQLP

exports[`<Tag /> Should render snapshot of Tag component. 1`] = `
.c0 {
  display: -webkit-box;
  display: -webkit-flex;
  display: -ms-flexbox;
  display: flex;
  box-sizing: border-box;
  outline: none;
  max-width: 100%;
  margin: 0px;
  background: #999999;
  color: #444444;
  min-width: 0;
  min-height: 0;
  -webkit-flex-direction: column;
  -ms-flex-direction: column;
  flex-direction: column;
  padding-left: 6px;
  padding-right: 6px;
  padding-top: 2px;
  padding-bottom: 2px;
  border-radius: 3px;
}

.c1 {
  font-size: 12px;
  line-height: 18px;
  color: #FFFFFF;
  font-weight: bold;
}

@media only screen and (max-width:768px) {
  .c0 {
    margin: 0px;
  }
}

@media only screen and (max-width:768px) {
  .c0 {
    padding-left: 6px;
    padding-right: 6px;
  }
}

@media only screen and (max-width:768px) {
  .c0 {
    padding-top: 2px;
    padding-bottom: 2px;
  }
}

<div
  className="c0"
>
  <span
    className="c1"
    size="xsmall"
    style={
      Object {
        "letterSpacing": "-1px",
      }
    }
  >
    100
  </span>
</div>
`;
